ERROR: usage: __main__.py [options] [file_or_dir] [file_or_dir] [...]
__main__.py: error: unrecognized arguments: --timeout=60
  inifile: c:\GitHub\Veritate\tests\pytest.ini
  rootdir: c:\GitHub\Veritate\tests

